// Jest Snapshot v1, https://goo.gl/fbAQLP

exports[`I just wanted to do the snapshot test 1`] = `
<div
  className="List"
>
  <header>
    <h2>
       
      
       
    </h2>
  </header>
  <div
    className="List-cards"
  />
</div>
`;
